2019-07-02T23:51:32.018-0530: Application time: 0.0996022 seconds
2019-07-02T23:51:32.018-0530: [GC pause (G1 Evacuation Pause) (young), 0.0128601 secs]
   [Parallel Time: 12.5 ms, GC Workers: 4]
      [GC Worker Start (ms): Min: 236.7, Avg: 236.8, Max: 237.1, Diff: 0.4]
      [Ext Root Scanning (ms): Min: 0.0, Avg: 0.2, Max: 0.4, Diff: 0.4, Sum: 0.9]
      [Update RS (ms): Min: 0.0, Avg: 0.0, Max: 0.0, Diff: 0.0, Sum: 0.0]
         [Processed Buffers: Min: 0, Avg: 0.0, Max: 0, Diff: 0, Sum: 0]
      [Scan RS (ms): Min: 0.0, Avg: 0.0, Max: 0.0, Diff: 0.0, Sum: 0.0]
      [Code Root Scanning (ms): Min: 0.0, Avg: 0.0, Max: 0.0, Diff: 0.0, Sum: 0.0]
      [Object Copy (ms): Min: 12.0, Avg: 12.0, Max: 12.1, Diff: 0.1, Sum: 48.1]
      [Termination (ms): Min: 0.0, Avg: 0.0, Max: 0.0, Diff: 0.0, Sum: 0.0]
         [Termination Attempts: Min: 1, Avg: 1.0, Max: 1, Diff: 0, Sum: 4]
      [GC Worker Other (ms): Min: 0.0, Avg: 0.0, Max: 0.0, Diff: 0.0, Sum: 0.1]
      [GC Worker Total (ms): Min: 12.0, Avg: 12.3, Max: 12.4, Diff: 0.4, Sum: 49.2]
      [GC Worker End (ms): Min: 249.1, Avg: 249.1, Max: 249.1, Diff: 0.0]
   [Code Root Fixup: 0.0 ms]
   [Code Root Purge: 0.0 ms]
   [Clear CT: 0.0 ms]
   [Other: 0.3 ms]
      [Choose CSet: 0.0 ms]
      [Ref Proc: 0.1 ms]
      [Ref Enq: 0.0 ms]
      [Redirty Cards: 0.1 ms]
      [Humongous Register: 0.0 ms]
      [Humongous Reclaim: 0.0 ms]
      [Free CSet: 0.0 ms]
   [Eden: 14.0M(14.0M)->0.0B(13.0M) Survivors: 0.0B->2048.0K Heap: 14.0M(44.0M)->4200.0K(44.0M)]
 [Times: user=0.03 sys=0.01, real=0.02 secs] 
2019-07-02T23:51:32.031-0530: Total time for which application threads were stopped: 0.0131813 seconds, Stopping threads took: 0.0000161 seconds
2019-07-02T23:51:32.046-0530: Application time: 0.0145637 seconds
2019-07-02T23:51:32.046-0530: [GC pause (G1 Evacuation Pause) (young), 0.0269334 secs]
   [Parallel Time: 26.5 ms, GC Workers: 4]
      [GC Worker Start (ms): Min: 264.4, Avg: 264.4, Max: 264.4, Diff: 0.0]
      [Ext Root Scanning (ms): Min: 0.1, Avg: 0.2, Max: 0.3, Diff: 0.2, Sum: 0.8]
      [Update RS (ms): Min: 0.1, Avg: 0.1, Max: 0.2, Diff: 0.1, Sum: 0.6]
         [Processed Buffers: Min: 1, Avg: 1.2, Max: 2, Diff: 1, Sum: 5]
      [Scan RS (ms): Min: 0.0, Avg: 0.0, Max: 0.0, Diff: 0.0, Sum: 0.0]
      [Code Root Scanning (ms): Min: 0.0, Avg: 0.0, Max: 0.0, Diff: 0.0, Sum: 0.0]
      [Object Copy (ms): Min: 25.5, Avg: 25.7, Max: 25.8, Diff: 0.3, Sum: 102.8]
      [Termination (ms): Min: 0.0, Avg: 0.3, Max: 0.5, Diff: 0.5, Sum: 1.0]
         [Termination Attempts: Min: 2, Avg: 2.0, Max: 2, Diff: 0, Sum: 8]
      [GC Worker Other (ms): Min: 0.0, Avg: 0.0, Max: 0.0, Diff: 0.0, Sum: 0.1]
      [GC Worker Total (ms): Min: 26.2, Avg: 26.3, Max: 26.5, Diff: 0.2, Sum: 105.3]
      [GC Worker End (ms): Min: 290.6, Avg: 290.7, Max: 290.8, Diff: 0.2]
   [Code Root Fixup: 0.0 ms]
   [Code Root Purge: 0.0 ms]
   [Clear CT: 0.1 ms]
   [Other: 0.4 ms]
      [Choose CSet: 0.0 ms]
      [Ref Proc: 0.2 ms]
      [Ref Enq: 0.0 ms]
      [Redirty Cards: 0.1 ms]
      [Humongous Register: 0.0 ms]
      [Humongous Reclaim: 0.0 ms]
      [Free CSet: 0.0 ms]
   [Eden: 13.0M(13.0M)->0.0B(16.0M) Survivors: 2048.0K->2048.0K Heap: 17.1M(44.0M)->12.5M(44.0M)]
 [Times: user=0.06 sys=0.01, real=0.03 secs] 
2019-07-02T23:51:32.073-0530: Total time for which application threads were stopped: 0.0271857 seconds, Stopping threads took: 0.0000174 seconds
2019-07-02T23:51:32.096-0530: Application time: 0.0229131 seconds
2019-07-02T23:51:32.096-0530: [GC pause (G1 Evacuation Pause) (young), 0.0540293 secs]
   [Parallel Time: 53.5 ms, GC Workers: 4]
      [GC Worker Start (ms): Min: 314.6, Avg: 316.4, Max: 318.3, Diff: 3.7]
      [Ext Root Scanning (ms): Min: 0.0, Avg: 0.1, Max: 0.2, Diff: 0.2, Sum: 0.3]
      [Update RS (ms): Min: 0.0, Avg: 1.0, Max: 2.1, Diff: 2.1, Sum: 3.9]
         [Processed Buffers: Min: 0, Avg: 1.8, Max: 5, Diff: 5, Sum: 7]
      [Scan RS (ms): Min: 0.0, Avg: 0.6, Max: 1.3, Diff: 1.3, Sum: 2.4]
      [Code Root Scanning (ms): Min: 0.0, Avg: 0.0, Max: 0.0, Diff: 0.0, Sum: 0.0]
      [Object Copy (ms): Min: 49.4, Avg: 49.7, Max: 49.9, Diff: 0.4, Sum: 198.7]
      [Termination (ms): Min: 0.0, Avg: 0.1, Max: 0.3, Diff: 0.2, Sum: 0.5]
         [Termination Attempts: Min: 2, Avg: 5.5, Max: 10, Diff: 8, Sum: 22]
      [GC Worker Other (ms): Min: 0.0, Avg: 0.0, Max: 0.0, Diff: 0.0, Sum: 0.1]
      [GC Worker Total (ms): Min: 49.5, Avg: 51.5, Max: 53.2, Diff: 3.7, Sum: 205.9]
      [GC Worker End (ms): Min: 367.8, Avg: 367.8, Max: 367.8, Diff: 0.0]
   [Code Root Fixup: 0.0 ms]
   [Code Root Purge: 0.0 ms]
   [Clear CT: 0.1 ms]
   [Other: 0.5 ms]
      [Choose CSet: 0.0 ms]
      [Ref Proc: 0.3 ms]
      [Ref Enq: 0.0 ms]
      [Redirty Cards: 0.1 ms]
      [Humongous Register: 0.0 ms]
      [Humongous Reclaim: 0.0 ms]
      [Free CSet: 0.0 ms]
   [Eden: 16.0M(16.0M)->0.0B(10.0M) Survivors: 2048.0K->3072.0K Heap: 28.5M(44.0M)->22.0M(44.0M)]
 [Times: user=0.07 sys=0.01, real=0.06 secs] 
2019-07-02T23:51:32.150-0530: Total time for which application threads were stopped: 0.0543402 seconds, Stopping threads took: 0.0000795 seconds
2019-07-02T23:51:32.167-0530: Application time: 0.0171978 seconds
2019-07-02T23:51:32.167-0530: [GC pause (G1 Evacuation Pause) (young), 0.0257908 secs]
   [Parallel Time: 24.9 ms, GC Workers: 4]
      [GC Worker Start (ms): Min: 386.2, Avg: 390.1, Max: 398.3, Diff: 12.1]
      [Ext Root Scanning (ms): Min: 0.0, Avg: 0.1, Max: 0.3, Diff: 0.3, Sum: 0.3]
      [Update RS (ms): Min: 0.0, Avg: 3.6, Max: 10.7, Diff: 10.7, Sum: 14.5]
         [Processed Buffers: Min: 0, Avg: 2.0, Max: 5, Diff: 5, Sum: 8]
      [Scan RS (ms): Min: 0.0, Avg: 0.0, Max: 0.1, Diff: 0.1, Sum: 0.1]
      [Code Root Scanning (ms): Min: 0.0, Avg: 0.0, Max: 0.0, Diff: 0.0, Sum: 0.0]
      [Object Copy (ms): Min: 12.7, Avg: 17.1, Max: 21.6, Diff: 8.9, Sum: 68.4]
      [Termination (ms): Min: 0.0, Avg: 0.1, Max: 0.2, Diff: 0.2, Sum: 0.5]
         [Termination Attempts: Min: 1, Avg: 1.0, Max: 1, Diff: 0, Sum: 4]
      [GC Worker Other (ms): Min: 0.0, Avg: 0.0, Max: 0.0, Diff: 0.0, Sum: 0.1]
      [GC Worker Total (ms): Min: 12.7, Avg: 20.9, Max: 24.8, Diff: 12.0, Sum: 83.8]
      [GC Worker End (ms): Min: 411.0, Avg: 411.0, Max: 411.0, Diff: 0.0]
   [Code Root Fixup: 0.0 ms]
   [Code Root Purge: 0.0 ms]
   [Clear CT: 0.1 ms]
   [Other: 0.8 ms]
      [Choose CSet: 0.0 ms]
      [Ref Proc: 0.5 ms]
      [Ref Enq: 0.0 ms]
      [Redirty Cards: 0.1 ms]
      [Humongous Register: 0.0 ms]
      [Humongous Reclaim: 0.0 ms]
      [Free CSet: 0.0 ms]
   [Eden: 10.0M(10.0M)->0.0B(6144.0K) Survivors: 3072.0K->2048.0K Heap: 32.0M(44.0M)->28.5M(44.0M)]
 [Times: user=0.05 sys=0.00, real=0.03 secs] 
2019-07-02T23:51:32.193-0530: Total time for which application threads were stopped: 0.0262651 seconds, Stopping threads took: 0.0001056 seconds
2019-07-02T23:51:32.196-0530: Application time: 0.0026397 seconds
2019-07-02T23:51:32.196-0530: [GC pause (G1 Evacuation Pause) (young) (initial-mark), 0.0281300 secs]
   [Parallel Time: 27.7 ms, GC Workers: 4]
      [GC Worker Start (ms): Min: 414.9, Avg: 415.0, Max: 415.1, Diff: 0.2]
      [Ext Root Scanning (ms): Min: 0.0, Avg: 0.1, Max: 0.2, Diff: 0.2, Sum: 0.6]
      [Update RS (ms): Min: 0.0, Avg: 3.6, Max: 6.2, Diff: 6.2, Sum: 14.4]
         [Processed Buffers: Min: 0, Avg: 2.0, Max: 5, Diff: 5, Sum: 8]
      [Scan RS (ms): Min: 0.0, Avg: 0.0, Max: 0.0, Diff: 0.0, Sum: 0.0]
      [Code Root Scanning (ms): Min: 0.0, Avg: 0.0, Max: 0.0, Diff: 0.0, Sum: 0.0]
      [Object Copy (ms): Min: 21.2, Avg: 23.8, Max: 27.4, Diff: 6.2, Sum: 95.3]
      [Termination (ms): Min: 0.0, Avg: 0.0, Max: 0.0, Diff: 0.0, Sum: 0.1]
         [Termination Attempts: Min: 1, Avg: 1.0, Max: 1, Diff: 0, Sum: 4]
      [GC Worker Other (ms): Min: 0.0, Avg: 0.0, Max: 0.0, Diff: 0.0, Sum: 0.1]
      [GC Worker Total (ms): Min: 27.5, Avg: 27.6, Max: 27.7, Diff: 0.2, Sum: 110.4]
      [GC Worker End (ms): Min: 442.6, Avg: 442.6, Max: 442.6, Diff: 0.0]
   [Code Root Fixup: 0.0 ms]
   [Code Root Purge: 0.0 ms]
   [Clear CT: 0.0 ms]
   [Other: 0.4 ms]
      [Choose CSet: 0.0 ms]
      [Ref Proc: 0.2 ms]
      [Ref Enq: 0.0 ms]
      [Redirty Cards: 0.1 ms]
      [Humongous Register: 0.0 ms]
      [Humongous Reclaim: 0.0 ms]
      [Free CSet: 0.0 ms]
   [Eden: 6144.0K(6144.0K)->0.0B(4096.0K) Survivors: 2048.0K->1024.0K Heap: 34.5M(44.0M)->32.0M(44.0M)]
 [Times: user=0.04 sys=0.00, real=0.03 secs] 
2019-07-02T23:51:32.224-0530: 2019-07-02T23:51:32.224-0530: Total time for which application threads were stopped: 0.0283907 seconds, Stopping threads took: 0.0000169 seconds
[GC concurrent-root-region-scan-start]
2019-07-02T23:51:32.228-0530: [GC concurrent-root-region-scan-end, 0.0031565 secs]
2019-07-02T23:51:32.228-0530: [GC concurrent-mark-start]
2019-07-02T23:51:32.230-0530: Application time: 0.0053671 seconds
2019-07-02T23:51:32.230-0530: [GC pause (G1 Evacuation Pause) (young), 0.0092762 secs]
   [Parallel Time: 8.8 ms, GC Workers: 4]
      [GC Worker Start (ms): Min: 448.7, Avg: 449.5, Max: 451.6, Diff: 2.9]
      [Ext Root Scanning (ms): Min: 0.0, Avg: 0.1, Max: 0.2, Diff: 0.2, Sum: 0.5]
      [Update RS (ms): Min: 0.0, Avg: 1.5, Max: 2.1, Diff: 2.1, Sum: 5.9]
         [Processed Buffers: Min: 0, Avg: 2.8, Max: 5, Diff: 5, Sum: 11]
      [Scan RS (ms): Min: 0.0, Avg: 0.0, Max: 0.1, Diff: 0.1, Sum: 0.1]
      [Code Root Scanning (ms): Min: 0.0, Avg: 0.0, Max: 0.0, Diff: 0.0, Sum: 0.0]
      [Object Copy (ms): Min: 5.9, Avg: 6.4, Max: 6.6, Diff: 0.7, Sum: 25.5]
      [Termination (ms): Min: 0.0, Avg: 0.0, Max: 0.0, Diff: 0.0, Sum: 0.0]
         [Termination Attempts: Min: 1, Avg: 1.0, Max: 1, Diff: 0, Sum: 4]
      [GC Worker Other (ms): Min: 0.0, Avg: 0.0, Max: 0.0, Diff: 0.0, Sum: 0.1]
      [GC Worker Total (ms): Min: 5.9, Avg: 8.0, Max: 8.8, Diff: 2.8, Sum: 32.1]
      [GC Worker End (ms): Min: 457.5, Avg: 457.5, Max: 457.5, Diff: 0.0]
   [Code Root Fixup: 0.0 ms]
   [Code Root Purge: 0.0 ms]
   [Clear CT: 0.1 ms]
   [Other: 0.4 ms]
      [Choose CSet: 0.0 ms]
      [Ref Proc: 0.2 ms]
      [Ref Enq: 0.0 ms]
      [Redirty Cards: 0.1 ms]
      [Humongous Register: 0.0 ms]
      [Humongous Reclaim: 0.0 ms]
      [Free CSet: 0.0 ms]
   [Eden: 4096.0K(4096.0K)->0.0B(2048.0K) Survivors: 1024.0K->1024.0K Heap: 36.0M(44.0M)->35.0M(44.0M)]
 [Times: user=0.03 sys=0.00, real=0.00 secs] 
2019-07-02T23:51:32.239-0530: Total time for which application threads were stopped: 0.0094819 seconds, Stopping threads took: 0.0000160 seconds
2019-07-02T23:51:32.240-0530: Application time: 0.0007773 seconds
2019-07-02T23:51:32.240-0530: [GC pause (G1 Evacuation Pause) (young), 0.0098907 secs]
   [Parallel Time: 9.5 ms, GC Workers: 4]
      [GC Worker Start (ms): Min: 459.0, Avg: 461.4, Max: 468.4, Diff: 9.4]
      [Ext Root Scanning (ms): Min: 0.0, Avg: 0.2, Max: 0.3, Diff: 0.3, Sum: 0.6]
      [Update RS (ms): Min: 0.0, Avg: 3.3, Max: 4.6, Diff: 4.6, Sum: 13.4]
         [Processed Buffers: Min: 0, Avg: 3.5, Max: 6, Diff: 6, Sum: 14]
      [Scan RS (ms): Min: 0.0, Avg: 0.0, Max: 0.1, Diff: 0.0, Sum: 0.1]
      [Code Root Scanning (ms): Min: 0.0, Avg: 0.0, Max: 0.0, Diff: 0.0, Sum: 0.0]
      [Object Copy (ms): Min: 0.0, Avg: 3.3, Max: 4.6, Diff: 4.6, Sum: 13.3]
      [Termination (ms): Min: 0.0, Avg: 0.1, Max: 0.2, Diff: 0.2, Sum: 0.6]
         [Termination Attempts: Min: 1, Avg: 1.0, Max: 1, Diff: 0, Sum: 4]
      [GC Worker Other (ms): Min: 0.0, Avg: 0.0, Max: 0.0, Diff: 0.0, Sum: 0.1]
      [GC Worker Total (ms): Min: 0.0, Avg: 7.0, Max: 9.4, Diff: 9.4, Sum: 28.0]
      [GC Worker End (ms): Min: 468.4, Avg: 468.5, Max: 468.5, Diff: 0.0]
   [Code Root Fixup: 0.0 ms]
   [Code Root Purge: 0.0 ms]
   [Clear CT: 0.1 ms]
   [Other: 0.3 ms]
      [Choose CSet: 0.0 ms]
      [Ref Proc: 0.2 ms]
      [Ref Enq: 0.0 ms]
      [Redirty Cards: 0.1 ms]
      [Humongous Register: 0.0 ms]
      [Humongous Reclaim: 0.0 ms]
      [Free CSet: 0.0 ms]
   [Eden: 2048.0K(2048.0K)->0.0B(2048.0K) Survivors: 1024.0K->1024.0K Heap: 37.0M(44.0M)->36.5M(44.0M)]
 [Times: user=0.03 sys=0.00, real=0.01 secs] 
2019-07-02T23:51:32.250-0530: Total time for which application threads were stopped: 0.0101365 seconds, Stopping threads took: 0.0000220 seconds
2019-07-02T23:51:32.252-0530: Application time: 0.0019104 seconds
2019-07-02T23:51:32.252-0530: [GC pause (G1 Evacuation Pause) (young), 0.0063102 secs]
   [Parallel Time: 5.8 ms, GC Workers: 4]
      [GC Worker Start (ms): Min: 471.1, Avg: 472.3, Max: 476.0, Diff: 4.9]
      [Ext Root Scanning (ms): Min: 0.0, Avg: 0.1, Max: 0.2, Diff: 0.2, Sum: 0.5]
      [Update RS (ms): Min: 0.0, Avg: 1.4, Max: 1.9, Diff: 1.9, Sum: 5.5]
         [Processed Buffers: Min: 0, Avg: 2.8, Max: 4, Diff: 4, Sum: 11]
      [Scan RS (ms): Min: 0.0, Avg: 0.0, Max: 0.0, Diff: 0.0, Sum: 0.0]
      [Code Root Scanning (ms): Min: 0.0, Avg: 0.0, Max: 0.0, Diff: 0.0, Sum: 0.0]
      [Object Copy (ms): Min: 0.7, Avg: 2.9, Max: 3.7, Diff: 3.0, Sum: 11.6]
      [Termination (ms): Min: 0.0, Avg: 0.1, Max: 0.1, Diff: 0.1, Sum: 0.4]
         [Termination Attempts: Min: 1, Avg: 1.0, Max: 1, Diff: 0, Sum: 4]
      [GC Worker Other (ms): Min: 0.0, Avg: 0.0, Max: 0.0, Diff: 0.0, Sum: 0.0]
      [GC Worker Total (ms): Min: 0.8, Avg: 4.5, Max: 5.7, Diff: 4.9, Sum: 18.0]
      [GC Worker End (ms): Min: 476.8, Avg: 476.8, Max: 476.8, Diff: 0.0]
   [Code Root Fixup: 0.0 ms]
   [Code Root Purge: 0.0 ms]
   [Clear CT: 0.1 ms]
   [Other: 0.4 ms]
      [Choose CSet: 0.0 ms]
      [Ref Proc: 0.3 ms]
      [Ref Enq: 0.0 ms]
      [Redirty Cards: 0.1 ms]
      [Humongous Register: 0.0 ms]
      [Humongous Reclaim: 0.0 ms]
      [Free CSet: 0.0 ms]
   [Eden: 2048.0K(2048.0K)->0.0B(2048.0K) Survivors: 1024.0K->1024.0K Heap: 38.5M(44.0M)->38.4M(44.0M)]
 [Times: user=0.02 sys=0.00, real=0.00 secs] 
2019-07-02T23:51:32.259-0530: Total time for which application threads were stopped: 0.0065731 seconds, Stopping threads took: 0.0000154 seconds
2019-07-02T23:51:32.260-0530: Application time: 0.0014855 seconds
2019-07-02T23:51:32.260-0530: [GC pause (G1 Evacuation Pause) (young), 0.0068698 secs]
   [Parallel Time: 6.2 ms, GC Workers: 4]
      [GC Worker Start (ms): Min: 479.1, Avg: 479.7, Max: 481.2, Diff: 2.1]
      [Ext Root Scanning (ms): Min: 0.0, Avg: 0.1, Max: 0.2, Diff: 0.2, Sum: 0.5]
      [Update RS (ms): Min: 0.0, Avg: 0.6, Max: 0.9, Diff: 0.9, Sum: 2.6]
         [Processed Buffers: Min: 0, Avg: 1.5, Max: 3, Diff: 3, Sum: 6]
      [Scan RS (ms): Min: 0.0, Avg: 0.0, Max: 0.0, Diff: 0.0, Sum: 0.0]
      [Code Root Scanning (ms): Min: 0.0, Avg: 0.0, Max: 0.0, Diff: 0.0, Sum: 0.0]
      [Object Copy (ms): Min: 3.9, Avg: 4.7, Max: 5.1, Diff: 1.3, Sum: 18.8]
      [Termination (ms): Min: 0.0, Avg: 0.1, Max: 0.2, Diff: 0.2, Sum: 0.3]
         [Termination Attempts: Min: 1, Avg: 1.0, Max: 1, Diff: 0, Sum: 4]
      [GC Worker Other (ms): Min: 0.0, Avg: 0.0, Max: 0.0, Diff: 0.0, Sum: 0.0]
      [GC Worker Total (ms): Min: 4.0, Avg: 5.6, Max: 6.1, Diff: 2.1, Sum: 22.3]
      [GC Worker End (ms): Min: 485.2, Avg: 485.2, Max: 485.3, Diff: 0.0]
   [Code Root Fixup: 0.0 ms]
   [Code Root Purge: 0.0 ms]
   [Clear CT: 0.1 ms]
   [Other: 0.6 ms]
      [Choose CSet: 0.0 ms]
      [Ref Proc: 0.5 ms]
      [Ref Enq: 0.0 ms]
      [Redirty Cards: 0.1 ms]
      [Humongous Register: 0.0 ms]
      [Humongous Reclaim: 0.0 ms]
      [Free CSet: 0.0 ms]
   [Eden: 2048.0K(2048.0K)->0.0B(2048.0K) Survivors: 1024.0K->1024.0K Heap: 40.4M(44.0M)->40.2M(44.0M)]
 [Times: user=0.02 sys=0.00, real=0.00 secs] 
2019-07-02T23:51:32.267-0530: Total time for which application threads were stopped: 0.0070980 seconds, Stopping threads took: 0.0000151 seconds
2019-07-02T23:51:32.279-0530: Application time: 0.0116697 seconds
2019-07-02T23:51:32.279-0530: [GC pause (G1 Evacuation Pause) (young) (to-space exhausted), 0.0142790 secs]
   [Parallel Time: 9.9 ms, GC Workers: 4]
      [GC Worker Start (ms): Min: 497.9, Avg: 501.6, Max: 503.5, Diff: 5.7]
      [Ext Root Scanning (ms): Min: 0.0, Avg: 0.0, Max: 0.2, Diff: 0.2, Sum: 0.2]
      [Update RS (ms): Min: 0.0, Avg: 0.3, Max: 1.3, Diff: 1.3, Sum: 1.3]
         [Processed Buffers: Min: 0, Avg: 1.2, Max: 5, Diff: 5, Sum: 5]
      [Scan RS (ms): Min: 0.0, Avg: 0.0, Max: 0.0, Diff: 0.0, Sum: 0.0]
      [Code Root Scanning (ms): Min: 0.0, Avg: 0.0, Max: 0.0, Diff: 0.0, Sum: 0.0]
      [Object Copy (ms): Min: 3.8, Avg: 5.1, Max: 8.3, Diff: 4.6, Sum: 20.2]
      [Termination (ms): Min: 0.0, Avg: 0.7, Max: 2.6, Diff: 2.6, Sum: 2.8]
         [Termination Attempts: Min: 1, Avg: 1.0, Max: 1, Diff: 0, Sum: 4]
      [GC Worker Other (ms): Min: 0.0, Avg: 0.0, Max: 0.0, Diff: 0.0, Sum: 0.0]
      [GC Worker Total (ms): Min: 4.2, Avg: 6.1, Max: 9.8, Diff: 5.6, Sum: 24.6]
      [GC Worker End (ms): Min: 507.7, Avg: 507.7, Max: 507.7, Diff: 0.0]
   [Code Root Fixup: 0.0 ms]
   [Code Root Purge: 0.0 ms]
   [Clear CT: 0.0 ms]
   [Other: 4.3 ms]
      [Evacuation Failure: 4.0 ms]
      [Choose CSet: 0.0 ms]
      [Ref Proc: 0.3 ms]
      [Ref Enq: 0.0 ms]
      [Redirty Cards: 0.0 ms]
      [Humongous Register: 0.0 ms]
      [Humongous Reclaim: 0.0 ms]
      [Free CSet: 0.0 ms]
   [Eden: 2048.0K(2048.0K)->0.0B(2048.0K) Survivors: 1024.0K->1024.0K Heap: 42.2M(44.0M)->43.0M(44.0M)]
 [Times: user=0.02 sys=0.00, real=0.02 secs] 
2019-07-02T23:51:32.294-0530: Total time for which application threads were stopped: 0.0145689 seconds, Stopping threads took: 0.0000142 seconds
2019-07-02T23:51:32.294-0530: Application time: 0.0008756 seconds
2019-07-02T23:51:32.295-0530: [GC pause (G1 Evacuation Pause) (young) (to-space exhausted), 0.0391084 secs]
   [Parallel Time: 34.5 ms, GC Workers: 4]
      [GC Worker Start (ms): Min: 513.4, Avg: 513.8, Max: 514.4, Diff: 1.0]
      [Ext Root Scanning (ms): Min: 0.0, Avg: 0.3, Max: 1.0, Diff: 1.0, Sum: 1.3]
      [Update RS (ms): Min: 0.0, Avg: 0.1, Max: 0.5, Diff: 0.5, Sum: 0.5]
         [Processed Buffers: Min: 0, Avg: 2.0, Max: 8, Diff: 8, Sum: 8]
      [Scan RS (ms): Min: 0.0, Avg: 0.0, Max: 0.0, Diff: 0.0, Sum: 0.0]
      [Code Root Scanning (ms): Min: 0.0, Avg: 0.0, Max: 0.0, Diff: 0.0, Sum: 0.0]
      [Object Copy (ms): Min: 24.0, Avg: 28.8, Max: 33.4, Diff: 9.4, Sum: 115.0]
      [Termination (ms): Min: 0.0, Avg: 4.7, Max: 9.4, Diff: 9.4, Sum: 18.9]
         [Termination Attempts: Min: 1, Avg: 1.0, Max: 1, Diff: 0, Sum: 4]
      [GC Worker Other (ms): Min: 0.0, Avg: 0.0, Max: 0.0, Diff: 0.0, Sum: 0.0]
      [GC Worker Total (ms): Min: 33.4, Avg: 33.9, Max: 34.4, Diff: 1.0, Sum: 135.7]
      [GC Worker End (ms): Min: 547.8, Avg: 547.8, Max: 547.8, Diff: 0.0]
   [Code Root Fixup: 0.0 ms]
   [Code Root Purge: 0.0 ms]
   [Clear CT: 0.0 ms]
   [Other: 4.6 ms]
      [Evacuation Failure: 4.2 ms]
      [Choose CSet: 0.0 ms]
      [Ref Proc: 0.3 ms]
      [Ref Enq: 0.0 ms]
      [Redirty Cards: 0.0 ms]
      [Humongous Register: 0.0 ms]
      [Humongous Reclaim: 0.0 ms]
      [Free CSet: 0.0 ms]
   [Eden: 1024.0K(2048.0K)->0.0B(2048.0K) Survivors: 1024.0K->0.0B Heap: 44.0M(44.0M)->44.0M(44.0M)]
 [Times: user=0.05 sys=0.00, real=0.04 secs] 
2019-07-02T23:51:32.334-0530: Total time for which application threads were stopped: 0.0393610 seconds, Stopping threads took: 0.0000161 seconds
2019-07-02T23:51:32.334-0530: Application time: 0.0000914 seconds
2019-07-02T23:51:32.334-0530: [GC pause (G1 Evacuation Pause) (young), 0.0008958 secs]
   [Parallel Time: 0.5 ms, GC Workers: 4]
      [GC Worker Start (ms): Min: 552.8, Avg: 553.1, Max: 553.3, Diff: 0.5]
      [Ext Root Scanning (ms): Min: 0.0, Avg: 0.1, Max: 0.2, Diff: 0.2, Sum: 0.2]
      [Update RS (ms): Min: 0.0, Avg: 0.0, Max: 0.0, Diff: 0.0, Sum: 0.0]
         [Processed Buffers: Min: 0, Avg: 2.0, Max: 8, Diff: 8, Sum: 8]
      [Scan RS (ms): Min: 0.0, Avg: 0.0, Max: 0.0, Diff: 0.0, Sum: 0.0]
      [Code Root Scanning (ms): Min: 0.0, Avg: 0.0, Max: 0.0, Diff: 0.0, Sum: 0.0]
      [Object Copy (ms): Min: 0.0, Avg: 0.0, Max: 0.0, Diff: 0.0, Sum: 0.0]
      [Termination (ms): Min: 0.0, Avg: 0.1, Max: 0.2, Diff: 0.2, Sum: 0.5]
         [Termination Attempts: Min: 1, Avg: 1.0, Max: 1, Diff: 0, Sum: 4]
      [GC Worker Other (ms): Min: 0.0, Avg: 0.0, Max: 0.0, Diff: 0.0, Sum: 0.0]
      [GC Worker Total (ms): Min: 0.0, Avg: 0.2, Max: 0.5, Diff: 0.5, Sum: 0.8]
      [GC Worker End (ms): Min: 553.3, Avg: 553.3, Max: 553.3, Diff: 0.0]
   [Code Root Fixup: 0.0 ms]
   [Code Root Purge: 0.0 ms]
   [Clear CT: 0.0 ms]
   [Other: 0.3 ms]
      [Choose CSet: 0.0 ms]
      [Ref Proc: 0.2 ms]
      [Ref Enq: 0.0 ms]
      [Redirty Cards: 0.0 ms]
      [Humongous Register: 0.0 ms]
      [Humongous Reclaim: 0.0 ms]
      [Free CSet: 0.0 ms]
   [Eden: 0.0B(2048.0K)->0.0B(2048.0K) Survivors: 0.0B->0.0B Heap: 44.0M(44.0M)->44.0M(44.0M)]
 [Times: user=0.00 sys=0.00, real=0.00 secs] 
2019-07-02T23:51:32.335-0530: Total time for which application threads were stopped: 0.0011014 seconds, Stopping threads took: 0.0000100 seconds
2019-07-02T23:51:32.335-0530: Application time: 0.0000919 seconds
2019-07-02T23:51:32.335-0530: [Full GC (Allocation Failure)  44M->34M(44M), 0.1837676 secs]
   [Eden: 0.0B(2048.0K)->0.0B(2048.0K) Survivors: 0.0B->0.0B Heap: 44.0M(44.0M)->34.2M(44.0M)], [Metaspace: 2651K->2651K(1056768K)]
 [Times: user=0.22 sys=0.00, real=0.19 secs] 
2019-07-02T23:51:32.520-0530: Total time for which application threads were stopped: 0.1846602 seconds, Stopping threads took: 0.0000074 seconds
2019-07-02T23:51:32.520-0530: [GC concurrent-mark-abort]
2019-07-02T23:51:32.521-0530: Application time: 0.0011387 seconds
2019-07-02T23:51:32.521-0530: [GC pause (G1 Evacuation Pause) (young), 0.0063610 secs]
   [Parallel Time: 3.1 ms, GC Workers: 4]
      [GC Worker Start (ms): Min: 739.9, Avg: 741.1, Max: 741.6, Diff: 1.7]
      [Ext Root Scanning (ms): Min: 0.0, Avg: 0.0, Max: 0.2, Diff: 0.2, Sum: 0.2]
      [Update RS (ms): Min: 0.0, Avg: 0.0, Max: 0.0, Diff: 0.0, Sum: 0.0]
         [Processed Buffers: Min: 0, Avg: 0.2, Max: 1, Diff: 1, Sum: 1]
      [Scan RS (ms): Min: 0.0, Avg: 0.0, Max: 0.0, Diff: 0.0, Sum: 0.0]
      [Code Root Scanning (ms): Min: 0.0, Avg: 0.0, Max: 0.0, Diff: 0.0, Sum: 0.0]
      [Object Copy (ms): Min: 1.4, Avg: 1.8, Max: 2.9, Diff: 1.5, Sum: 7.1]
      [Termination (ms): Min: 0.0, Avg: 0.0, Max: 0.0, Diff: 0.0, Sum: 0.0]
         [Termination Attempts: Min: 1, Avg: 1.0, Max: 1, Diff: 0, Sum: 4]
      [GC Worker Other (ms): Min: 0.0, Avg: 0.0, Max: 0.0, Diff: 0.0, Sum: 0.1]
      [GC Worker Total (ms): Min: 1.4, Avg: 1.9, Max: 3.1, Diff: 1.7, Sum: 7.4]
      [GC Worker End (ms): Min: 743.0, Avg: 743.0, Max: 743.0, Diff: 0.0]
   [Code Root Fixup: 0.0 ms]
   [Code Root Purge: 0.0 ms]
   [Clear CT: 0.1 ms]
   [Other: 3.1 ms]
      [Choose CSet: 0.0 ms]
      [Ref Proc: 2.8 ms]
      [Ref Enq: 0.0 ms]
      [Redirty Cards: 0.2 ms]
      [Humongous Register: 0.0 ms]
      [Humongous Reclaim: 0.0 ms]
      [Free CSet: 0.0 ms]
   [Eden: 2048.0K(2048.0K)->0.0B(2048.0K) Survivors: 0.0B->1024.0K Heap: 36.2M(44.0M)->35.3M(44.0M)]
 [Times: user=0.01 sys=0.00, real=0.00 secs] 
2019-07-02T23:51:32.528-0530: Total time for which application threads were stopped: 0.0070161 seconds, Stopping threads took: 0.0000167 seconds
2019-07-02T23:51:32.529-0530: Application time: 0.0010460 seconds
2019-07-02T23:51:32.529-0530: [GC pause (G1 Evacuation Pause) (young) (initial-mark), 0.0064209 secs]
   [Parallel Time: 5.8 ms, GC Workers: 4]
      [GC Worker Start (ms): Min: 748.0, Avg: 748.1, Max: 748.3, Diff: 0.3]
      [Ext Root Scanning (ms): Min: 0.0, Avg: 1.1, Max: 1.7, Diff: 1.7, Sum: 4.3]
      [Update RS (ms): Min: 0.0, Avg: 0.0, Max: 0.2, Diff: 0.2, Sum: 0.2]
         [Processed Buffers: Min: 0, Avg: 1.2, Max: 5, Diff: 5, Sum: 5]
      [Scan RS (ms): Min: 0.0, Avg: 0.0, Max: 0.0, Diff: 0.0, Sum: 0.0]
      [Code Root Scanning (ms): Min: 0.0, Avg: 0.0, Max: 0.0, Diff: 0.0, Sum: 0.0]
      [Object Copy (ms): Min: 4.0, Avg: 4.5, Max: 5.2, Diff: 1.2, Sum: 18.0]
      [Termination (ms): Min: 0.0, Avg: 0.0, Max: 0.0, Diff: 0.0, Sum: 0.0]
         [Termination Attempts: Min: 1, Avg: 1.0, Max: 1, Diff: 0, Sum: 4]
      [GC Worker Other (ms): Min: 0.0, Avg: 0.0, Max: 0.0, Diff: 0.0, Sum: 0.0]
      [GC Worker Total (ms): Min: 5.4, Avg: 5.6, Max: 5.7, Diff: 0.3, Sum: 22.6]
      [GC Worker End (ms): Min: 753.7, Avg: 753.7, Max: 753.7, Diff: 0.0]
   [Code Root Fixup: 0.0 ms]
   [Code Root Purge: 0.0 ms]
   [Clear CT: 0.0 ms]
   [Other: 0.6 ms]
      [Choose CSet: 0.0 ms]
      [Ref Proc: 0.4 ms]
      [Ref Enq: 0.0 ms]
      [Redirty Cards: 0.1 ms]
      [Humongous Register: 0.0 ms]
      [Humongous Reclaim: 0.0 ms]
      [Free CSet: 0.0 ms]
   [Eden: 2048.0K(2048.0K)->0.0B(2048.0K) Survivors: 1024.0K->1024.0K Heap: 37.3M(44.0M)->36.4M(44.0M)]
 [Times: user=0.02 sys=0.00, real=0.01 secs] 
2019-07-02T23:51:32.536-05302019-07-02T23:51:32.536-0530: Total time for which application threads were stopped: 0.0067041 seconds, Stopping threads took: 0.0000190 seconds
: [GC concurrent-root-region-scan-start]
2019-07-02T23:51:32.537-0530: Application time: 0.0011490 seconds
2019-07-02T23:51:32.537-0530: [GC pause (G1 Evacuation Pause) (young)2019-07-02T23:51:32.538-0530: [GC concurrent-root-region-scan-end, 0.0017728 secs]
2019-07-02T23:51:32.538-0530: [GC concurrent-mark-start]
, 0.0063411 secs]
   [Root Region Scan Waiting: 0.5 ms]
   [Parallel Time: 5.5 ms, GC Workers: 4]
      [GC Worker Start (ms): Min: 756.6, Avg: 757.1, Max: 757.7, Diff: 1.0]
      [Ext Root Scanning (ms): Min: 0.0, Avg: 0.1, Max: 0.2, Diff: 0.2, Sum: 0.4]
      [Update RS (ms): Min: 0.0, Avg: 0.2, Max: 0.6, Diff: 0.6, Sum: 0.9]
         [Processed Buffers: Min: 0, Avg: 1.2, Max: 3, Diff: 3, Sum: 5]
      [Scan RS (ms): Min: 0.0, Avg: 0.0, Max: 0.0, Diff: 0.0, Sum: 0.0]
      [Code Root Scanning (ms): Min: 0.0, Avg: 0.0, Max: 0.0, Diff: 0.0, Sum: 0.0]
      [Object Copy (ms): Min: 4.0, Avg: 4.2, Max: 4.5, Diff: 0.5, Sum: 16.9]
      [Termination (ms): Min: 0.0, Avg: 0.1, Max: 0.2, Diff: 0.2, Sum: 0.4]
         [Termination Attempts: Min: 1, Avg: 1.2, Max: 2, Diff: 1, Sum: 5]
      [GC Worker Other (ms): Min: 0.0, Avg: 0.0, Max: 0.0, Diff: 0.0, Sum: 0.0]
      [GC Worker Total (ms): Min: 4.1, Avg: 4.7, Max: 5.2, Diff: 1.1, Sum: 18.6]
      [GC Worker End (ms): Min: 761.8, Avg: 761.8, Max: 761.8, Diff: 0.1]
   [Code Root Fixup: 0.0 ms]
   [Code Root Purge: 0.0 ms]
   [Clear CT: 0.1 ms]
   [Other: 0.3 ms]
      [Choose CSet: 0.0 ms]
      [Ref Proc: 0.1 ms]
      [Ref Enq: 0.0 ms]
      [Redirty Cards: 0.0 ms]
      [Humongous Register: 0.0 ms]
      [Humongous Reclaim: 0.0 ms]
      [Free CSet: 0.0 ms]
   [Eden: 2048.0K(2048.0K)->0.0B(2048.0K) Survivors: 1024.0K->1024.0K Heap: 38.4M(44.0M)->38.0M(44.0M)]
 [Times: user=0.02 sys=0.00, real=0.01 secs] 
2019-07-02T23:51:32.544-0530: Total time for which application threads were stopped: 0.0065464 seconds, Stopping threads took: 0.0000169 seconds
2019-07-02T23:51:32.544-0530: Application time: 0.0007777 seconds
2019-07-02T23:51:32.544-0530: [GC pause (G1 Evacuation Pause) (young), 0.0069751 secs]
   [Parallel Time: 6.5 ms, GC Workers: 4]
      [GC Worker Start (ms): Min: 763.1, Avg: 765.8, Max: 769.6, Diff: 6.5]
      [Ext Root Scanning (ms): Min: 0.0, Avg: 0.0, Max: 0.2, Diff: 0.2, Sum: 0.2]
      [Update RS (ms): Min: 0.0, Avg: 0.5, Max: 2.0, Diff: 2.0, Sum: 2.0]
         [Processed Buffers: Min: 0, Avg: 1.5, Max: 5, Diff: 5, Sum: 6]
      [Scan RS (ms): Min: 0.0, Avg: 0.0, Max: 0.0, Diff: 0.0, Sum: 0.0]
      [Code Root Scanning (ms): Min: 0.0, Avg: 0.0, Max: 0.0, Diff: 0.0, Sum: 0.0]
      [Object Copy (ms): Min: 0.0, Avg: 3.1, Max: 4.4, Diff: 4.4, Sum: 12.4]
      [Termination (ms): Min: 0.0, Avg: 0.1, Max: 0.1, Diff: 0.1, Sum: 0.4]
         [Termination Attempts: Min: 1, Avg: 1.0, Max: 1, Diff: 0, Sum: 4]
      [GC Worker Other (ms): Min: 0.0, Avg: 0.1, Max: 0.5, Diff: 0.5, Sum: 0.6]
      [GC Worker Total (ms): Min: 0.0, Avg: 3.9, Max: 6.5, Diff: 6.5, Sum: 15.6]
      [GC Worker End (ms): Min: 769.6, Avg: 769.7, Max: 769.7, Diff: 0.0]
   [Code Root Fixup: 0.0 ms]
   [Code Root Purge: 0.0 ms]
   [Clear CT: 0.0 ms]
   [Other: 0.4 ms]
      [Choose CSet: 0.0 ms]
      [Ref Proc: 0.3 ms]
      [Ref Enq: 0.0 ms]
      [Redirty Cards: 0.0 ms]
      [Humongous Register: 0.0 ms]
      [Humongous Reclaim: 0.0 ms]
      [Free CSet: 0.0 ms]
   [Eden: 2048.0K(2048.0K)->0.0B(2048.0K) Survivors: 1024.0K->1024.0K Heap: 40.0M(44.0M)->39.7M(44.0M)]
 [Times: user=0.01 sys=0.00, real=0.01 secs] 
2019-07-02T23:51:32.552-0530: Total time for which application threads were stopped: 0.0072254 seconds, Stopping threads took: 0.0000162 seconds
2019-07-02T23:51:32.552-0530: Application time: 0.0007257 seconds
2019-07-02T23:51:32.552-0530: [GC pause (G1 Evacuation Pause) (young) (to-space exhausted), 0.0276184 secs]
   [Parallel Time: 15.7 ms, GC Workers: 4]
      [GC Worker Start (ms): Min: 771.1, Avg: 772.8, Max: 773.6, Diff: 2.5]
      [Ext Root Scanning (ms): Min: 0.0, Avg: 0.0, Max: 0.2, Diff: 0.2, Sum: 0.2]
      [Update RS (ms): Min: 0.0, Avg: 0.4, Max: 1.7, Diff: 1.7, Sum: 1.7]
         [Processed Buffers: Min: 0, Avg: 1.5, Max: 6, Diff: 6, Sum: 6]
      [Scan RS (ms): Min: 0.0, Avg: 0.0, Max: 0.0, Diff: 0.0, Sum: 0.0]
      [Code Root Scanning (ms): Min: 0.0, Avg: 0.0, Max: 0.0, Diff: 0.0, Sum: 0.0]
      [Object Copy (ms): Min: 13.0, Avg: 13.4, Max: 13.7, Diff: 0.6, Sum: 53.7]
      [Termination (ms): Min: 0.0, Avg: 0.1, Max: 0.2, Diff: 0.2, Sum: 0.4]
         [Termination Attempts: Min: 1, Avg: 1.0, Max: 1, Diff: 0, Sum: 4]
      [GC Worker Other (ms): Min: 0.0, Avg: 0.0, Max: 0.0, Diff: 0.0, Sum: 0.0]
      [GC Worker Total (ms): Min: 13.2, Avg: 14.0, Max: 15.7, Diff: 2.5, Sum: 56.0]
      [GC Worker End (ms): Min: 786.8, Avg: 786.8, Max: 786.8, Diff: 0.0]
   [Code Root Fixup: 0.0 ms]
   [Code Root Purge: 0.0 ms]
   [Clear CT: 0.1 ms]
   [Other: 11.8 ms]
      [Evacuation Failure: 11.4 ms]
      [Choose CSet: 0.0 ms]
      [Ref Proc: 0.3 ms]
      [Ref Enq: 0.0 ms]
      [Redirty Cards: 0.0 ms]
      [Humongous Register: 0.0 ms]
      [Humongous Reclaim: 0.0 ms]
      [Free CSet: 0.0 ms]
   [Eden: 2048.0K(2048.0K)->0.0B(2048.0K) Survivors: 1024.0K->1024.0K Heap: 41.7M(44.0M)->43.2M(44.0M)]
 [Times: user=0.02 sys=0.00, real=0.03 secs] 
2019-07-02T23:51:32.580-0530: Total time for which application threads were stopped: 0.0278796 seconds, Stopping threads took: 0.0000141 seconds
2019-07-02T23:51:32.580-0530: Application time: 0.0000884 seconds
2019-07-02T23:51:32.580-0530: [GC pause (G1 Evacuation Pause) (young) (to-space exhausted), 0.0136803 secs]
   [Parallel Time: 11.4 ms, GC Workers: 4]
      [GC Worker Start (ms): Min: 799.0, Avg: 799.7, Max: 799.9, Diff: 0.9]
      [Ext Root Scanning (ms): Min: 0.0, Avg: 0.0, Max: 0.2, Diff: 0.2, Sum: 0.2]
      [Update RS (ms): Min: 0.0, Avg: 0.1, Max: 0.4, Diff: 0.4, Sum: 0.4]
         [Processed Buffers: Min: 0, Avg: 1.8, Max: 7, Diff: 7, Sum: 7]
      [Scan RS (ms): Min: 0.0, Avg: 0.0, Max: 0.0, Diff: 0.0, Sum: 0.0]
      [Code Root Scanning (ms): Min: 0.0, Avg: 0.0, Max: 0.0, Diff: 0.0, Sum: 0.0]
      [Object Copy (ms): Min: 10.2, Avg: 10.3, Max: 10.5, Diff: 0.3, Sum: 41.4]
      [Termination (ms): Min: 0.0, Avg: 0.2, Max: 0.4, Diff: 0.4, Sum: 0.8]
         [Termination Attempts: Min: 1, Avg: 1.0, Max: 1, Diff: 0, Sum: 4]
      [GC Worker Other (ms): Min: 0.0, Avg: 0.0, Max: 0.0, Diff: 0.0, Sum: 0.0]
      [GC Worker Total (ms): Min: 10.5, Avg: 10.7, Max: 11.3, Diff: 0.9, Sum: 42.8]
      [GC Worker End (ms): Min: 810.4, Avg: 810.4, Max: 810.4, Diff: 0.0]
   [Code Root Fixup: 0.0 ms]
   [Code Root Purge: 0.0 ms]
   [Clear CT: 0.2 ms]
   [Other: 2.1 ms]
      [Evacuation Failure: 1.7 ms]
      [Choose CSet: 0.0 ms]
      [Ref Proc: 0.3 ms]
      [Ref Enq: 0.0 ms]
      [Redirty Cards: 0.0 ms]
      [Humongous Register: 0.0 ms]
      [Humongous Reclaim: 0.0 ms]
      [Free CSet: 0.0 ms]
   [Eden: 0.0B(2048.0K)->0.0B(2048.0K) Survivors: 1024.0K->0.0B Heap: 43.2M(44.0M)->43.2M(44.0M)]
 [Times: user=0.02 sys=0.00, real=0.01 secs] 
2019-07-02T23:51:32.594-0530: Total time for which application threads were stopped: 0.0138995 seconds, Stopping threads took: 0.0000091 seconds
2019-07-02T23:51:32.594-0530: Application time: 0.0001058 seconds
2019-07-02T23:51:32.594-0530: [Full GC (Allocation Failure)  43M->39M(44M), 0.1744995 secs]
   [Eden: 0.0B(2048.0K)->0.0B(2048.0K) Survivors: 0.0B->0.0B Heap: 43.2M(44.0M)->39.4M(44.0M)], [Metaspace: 2651K->2651K(1056768K)]
 [Times: user=0.23 sys=0.01, real=0.17 secs] 
2019-07-02T23:51:32.769-0530: Total time for which application threads were stopped: 0.1746271 seconds, Stopping threads took: 0.0000092 seconds
2019-07-02T23:51:32.769-0530: [GC concurrent-mark-abort]
Allocated all data.
2019-07-02T23:51:32.771-0530: Application time: 0.0018278 seconds
2019-07-02T23:51:32.771-0530: [GC pause (G1 Evacuation Pause) (young), 0.0036019 secs]
   [Parallel Time: 3.1 ms, GC Workers: 4]
      [GC Worker Start (ms): Min: 989.6, Avg: 991.3, Max: 992.6, Diff: 3.1]
      [Ext Root Scanning (ms): Min: 0.0, Avg: 0.1, Max: 0.3, Diff: 0.3, Sum: 0.3]
      [Update RS (ms): Min: 0.0, Avg: 0.0, Max: 0.0, Diff: 0.0, Sum: 0.0]
         [Processed Buffers: Min: 0, Avg: 0.2, Max: 1, Diff: 1, Sum: 1]
      [Scan RS (ms): Min: 0.0, Avg: 0.0, Max: 0.0, Diff: 0.0, Sum: 0.0]
      [Code Root Scanning (ms): Min: 0.0, Avg: 0.0, Max: 0.0, Diff: 0.0, Sum: 0.0]
      [Object Copy (ms): Min: 0.0, Avg: 1.1, Max: 2.7, Diff: 2.7, Sum: 4.6]
      [Termination (ms): Min: 0.0, Avg: 0.1, Max: 0.2, Diff: 0.2, Sum: 0.4]
         [Termination Attempts: Min: 1, Avg: 1.0, Max: 1, Diff: 0, Sum: 4]
      [GC Worker Other (ms): Min: 0.0, Avg: 0.0, Max: 0.0, Diff: 0.0, Sum: 0.1]
      [GC Worker Total (ms): Min: 0.0, Avg: 1.3, Max: 3.1, Diff: 3.1, Sum: 5.3]
      [GC Worker End (ms): Min: 992.7, Avg: 992.7, Max: 992.7, Diff: 0.0]
   [Code Root Fixup: 0.0 ms]
   [Code Root Purge: 0.0 ms]
   [Clear CT: 0.1 ms]
   [Other: 0.4 ms]
      [Choose CSet: 0.0 ms]
      [Ref Proc: 0.2 ms]
      [Ref Enq: 0.0 ms]
      [Redirty Cards: 0.1 ms]
      [Humongous Register: 0.0 ms]
      [Humongous Reclaim: 0.0 ms]
      [Free CSet: 0.0 ms]
   [Eden: 2048.0K(2048.0K)->0.0B(2048.0K) Survivors: 0.0B->1024.0K Heap: 41.4M(44.0M)->40.3M(44.0M)]
 [Times: user=0.01 sys=0.00, real=0.00 secs] 
2019-07-02T23:51:32.775-0530: Total time for which application threads were stopped: 0.0038424 seconds, Stopping threads took: 0.0000128 seconds
Heap
 garbage-first heap   total 45056K, used 41276K [0x00000007bd400000, 0x00000007bd500160, 0x00000007c0000000)
  region size 1024K, 2 young (2048K), 1 survivors (1024K)
 Metaspace       used 2659K, capacity 4486K, committed 4864K, reserved 1056768K
  class space    used 289K, capacity 386K, committed 512K, reserved 1048576K
2019-07-02T23:51:32.775-0530: Application time: 0.0006977 seconds
